  console.log
    [Home] Component mounted/re-rendered

      at log (app/page.tsx:28:13)

  console.log
    [Home] Checking API configuration status...

      at log (app/page.tsx:119:17)

  console.log
    [Home] Generated session ID: session_1760012601350_q2vnc82px

      at log (app/page.tsx:124:17)

  console.log
    [Home] Component mounted/re-rendered

      at log (app/page.tsx:28:13)

  console.log
    [Home] Config status response received: undefined

      at log (app/page.tsx:128:25)

  console.log
    [Home] Config status data: {
      services: { stt: true, llm: true, tts: true },
      allConfigured: true,
      message: 'All services configured'
    }

      at log (app/page.tsx:132:25)

  console.log
    [Home] Component mounted/re-rendered

      at log (app/page.tsx:28:13)

  console.log
    [Home] Checking API configuration status...

      at log (app/page.tsx:119:17)

  console.log
    [Home] Generated session ID: session_1760012601406_lrfpakwdc

      at log (app/page.tsx:124:17)

  console.log
    [Home] Component mounted/re-rendered

      at log (app/page.tsx:28:13)

  console.log
    [Home] Config status response received: undefined

      at log (app/page.tsx:128:25)

  console.log
    [Home] Config status data: {
      services: { stt: true, llm: true, tts: true },
      allConfigured: true,
      message: 'All services configured'
    }

      at log (app/page.tsx:132:25)

  console.log
    [Home] Component mounted/re-rendered

      at log (app/page.tsx:28:13)

  console.log
    [Home] Checking API configuration status...

      at log (app/page.tsx:119:17)

  console.log
    [Home] Generated session ID: session_1760012601443_abdgbx0z7

      at log (app/page.tsx:124:17)

  console.log
    [Home] Component mounted/re-rendered

      at log (app/page.tsx:28:13)

  console.log
    [Home] Config status response received: undefined

      at log (app/page.tsx:128:25)

  console.log
    [Home] Config status data: {
      services: { stt: true, llm: true, tts: true },
      allConfigured: true,
      message: 'All services configured'
    }

      at log (app/page.tsx:132:25)

  console.log
    [Home] Component mounted/re-rendered

      at log (app/page.tsx:28:13)

  console.log
    [Home] Checking API configuration status...

      at log (app/page.tsx:119:17)

  console.log
    [Home] Generated session ID: session_1760012601474_s22l9li1b

      at log (app/page.tsx:124:17)

  console.log
    [Home] Component mounted/re-rendered

      at log (app/page.tsx:28:13)

  console.log
    [Home] Config status response received: undefined

      at log (app/page.tsx:128:25)

  console.log
    [Home] Config status data: {
      services: { stt: true, llm: true, tts: true },
      allConfigured: true,
      message: 'All services configured'
    }

      at log (app/page.tsx:132:25)

  console.log
    [Home] Component mounted/re-rendered

      at log (app/page.tsx:28:13)

  console.log
    [Home] Checking API configuration status...

      at log (app/page.tsx:119:17)

  console.log
    [Home] Generated session ID: session_1760012601512_g4dz60qf6

      at log (app/page.tsx:124:17)

  console.log
    [Home] Component mounted/re-rendered

      at log (app/page.tsx:28:13)

  console.log
    [Home] Config status response received: undefined

      at log (app/page.tsx:128:25)

  console.log
    [Home] Config status data: {
      services: { stt: true, llm: true, tts: true },
      allConfigured: true,
      message: 'All services configured'
    }

      at log (app/page.tsx:132:25)

  console.log
    [Home] Component mounted/re-rendered

      at log (app/page.tsx:28:13)

  console.log
    [Home] Checking API configuration status...

      at log (app/page.tsx:119:17)

  console.log
    [Home] Generated session ID: session_1760012601598_k6c95oqet

      at log (app/page.tsx:124:17)

  console.log
    [Home] Component mounted/re-rendered

      at log (app/page.tsx:28:13)

  console.log
    [Home] Config status response received: undefined

      at log (app/page.tsx:128:25)

  console.log
    [Home] Config status data: {
      services: { stt: true, llm: true, tts: true },
      allConfigured: true,
      message: 'All services configured'
    }

      at log (app/page.tsx:132:25)

  console.log
    [Home] Component mounted/re-rendered

      at log (app/page.tsx:28:13)

  console.log
    [Home] Checking API configuration status...

      at log (app/page.tsx:119:17)

  console.log
    [Home] Generated session ID: session_1760012601631_zx4h75k4z

      at log (app/page.tsx:124:17)

  console.log
    [Home] Component mounted/re-rendered

      at log (app/page.tsx:28:13)

  console.log
    [Home] Config status response received: undefined

      at log (app/page.tsx:128:25)

  console.log
    [Home] Config status data: {
      services: { stt: true, llm: true, tts: true },
      allConfigured: true,
      message: 'All services configured'
    }

      at log (app/page.tsx:132:25)

  console.log
    [Home] Component mounted/re-rendered

      at log (app/page.tsx:28:13)

  console.log
    [Home] Component mounted/re-rendered

      at log (app/page.tsx:28:13)

  console.log
    [Home] Checking API configuration status...

      at log (app/page.tsx:119:17)

  console.log
    [Home] Generated session ID: session_1760012601684_pv5gui7la

      at log (app/page.tsx:124:17)

  console.log
    [Home] Component mounted/re-rendered

      at log (app/page.tsx:28:13)

  console.log
    [Home] Component mounted/re-rendered

      at log (app/page.tsx:28:13)

  console.log
    [Home] Checking API configuration status...

      at log (app/page.tsx:119:17)

  console.log
    [Home] Generated session ID: session_1760012601748_9lrtmwa7y

      at log (app/page.tsx:124:17)

  console.log
    [Home] Component mounted/re-rendered

      at log (app/page.tsx:28:13)

  console.log
    [Home] Config status response received: undefined

      at log (app/page.tsx:128:25)

  console.log
    [Home] Config status data: {
      services: { stt: true, llm: true, tts: true },
      allConfigured: true,
      message: 'All services configured'
    }

      at log (app/page.tsx:132:25)

  console.log
    [Home] Component mounted/re-rendered

      at log (app/page.tsx:28:13)

  console.log
    [Home] Component mounted/re-rendered

      at log (app/page.tsx:28:13)

  console.error
    [Error: Not implemented: window.scrollTo] { type: 'not implemented' }

    [0m [90m 129 |[39m       [36mreturn[39m
     [90m 130 |[39m     }
    [31m[1m>[22m[39m[90m 131 |[39m     originalError[33m.[39mcall(console[33m,[39m [33m...[39margs)
     [90m     |[39m                   [31m[1m^[22m[39m
     [90m 132 |[39m   }
     [90m 133 |[39m })
     [90m 134 |[39m[0m

      at console.call [as error] (jest.setup.js:131:19)
      at VirtualConsole.<anonymous> (node_modules/@jest/environment-jsdom-abstract/build/index.js:87:23)
      at module.exports (node_modules/jsdom/lib/jsdom/browser/not-implemented.js:12:26)
      at node_modules/jsdom/lib/jsdom/browser/Window.js:960:7
      at node_modules/motion-dom/dist/cjs/index.js:1807:24
          at Array.forEach (<anonymous>)
      at measureAllKeyframes (node_modules/motion-dom/dist/cjs/index.js:1805:28)
      at triggerCallback (node_modules/motion-dom/dist/cjs/index.js:52:9)
          at Set.forEach (<anonymous>)
      at Object.process (node_modules/motion-dom/dist/cjs/index.js:91:23)
      at processBatch (node_modules/motion-dom/dist/cjs/index.js:142:26)
      at invokeTheCallbackFunction (node_modules/jsdom/lib/jsdom/living/generated/Function.js:19:26)
      at runAnimationFrameCallbacks (node_modules/jsdom/lib/jsdom/browser/Window.js:662:13)
      at Timeout.<anonymous> (node_modules/jsdom/lib/jsdom/browser/Window.js:640:11)

  console.log
    [Home] Component mounted/re-rendered

      at log (app/page.tsx:28:13)

  console.log
    [Home] Component mounted/re-rendered

      at log (app/page.tsx:28:13)

  console.log
    [Home] Checking API configuration status...

      at log (app/page.tsx:119:17)

  console.log
    [Home] Generated session ID: session_1760012602169_8no9xzujq

      at log (app/page.tsx:124:17)

  console.log
    [Home] Component mounted/re-rendered

      at log (app/page.tsx:28:13)

  console.log
    [Home] Config status response received: undefined

      at log (app/page.tsx:128:25)

  console.log
    [Home] Config status data: { services: { stt: true, llm: true, tts: true }, allConfigured: true }

      at log (app/page.tsx:132:25)

  console.log
    [Home] Component mounted/re-rendered

      at log (app/page.tsx:28:13)

  console.log
    [Home] Component mounted/re-rendered

      at log (app/page.tsx:28:13)

  console.error
    [Error: Not implemented: window.scrollTo] { type: 'not implemented' }

    [0m [90m 129 |[39m       [36mreturn[39m
     [90m 130 |[39m     }
    [31m[1m>[22m[39m[90m 131 |[39m     originalError[33m.[39mcall(console[33m,[39m [33m...[39margs)
     [90m     |[39m                   [31m[1m^[22m[39m
     [90m 132 |[39m   }
     [90m 133 |[39m })
     [90m 134 |[39m[0m

      at console.call [as error] (jest.setup.js:131:19)
      at VirtualConsole.<anonymous> (node_modules/@jest/environment-jsdom-abstract/build/index.js:87:23)
      at module.exports (node_modules/jsdom/lib/jsdom/browser/not-implemented.js:12:26)
      at node_modules/jsdom/lib/jsdom/browser/Window.js:960:7
      at node_modules/motion-dom/dist/cjs/index.js:1807:24
          at Array.forEach (<anonymous>)
      at measureAllKeyframes (node_modules/motion-dom/dist/cjs/index.js:1805:28)
      at triggerCallback (node_modules/motion-dom/dist/cjs/index.js:52:9)
          at Set.forEach (<anonymous>)
      at Object.process (node_modules/motion-dom/dist/cjs/index.js:91:23)
      at processBatch (node_modules/motion-dom/dist/cjs/index.js:142:26)
      at invokeTheCallbackFunction (node_modules/jsdom/lib/jsdom/living/generated/Function.js:19:26)
      at runAnimationFrameCallbacks (node_modules/jsdom/lib/jsdom/browser/Window.js:662:13)
      at Timeout.<anonymous> (node_modules/jsdom/lib/jsdom/browser/Window.js:640:11)

  console.log
    [Home] Component mounted/re-rendered

      at log (app/page.tsx:28:13)

  console.log
    [Home] Component mounted/re-rendered

      at log (app/page.tsx:28:13)

  console.log
    [Home] Component mounted/re-rendered

      at log (app/page.tsx:28:13)

  console.log
    [Home] Component mounted/re-rendered

      at log (app/page.tsx:28:13)

  console.log
    [Home] Component mounted/re-rendered

      at log (app/page.tsx:28:13)

  console.log
    [Home] Component mounted/re-rendered

      at log (app/page.tsx:28:13)

  console.log
    [Home] Component mounted/re-rendered

      at log (app/page.tsx:28:13)

  console.log
    [Home] Component mounted/re-rendered

      at log (app/page.tsx:28:13)

  console.log
    [Home] Sending text message: Hello AI

      at log (app/page.tsx:409:17)

  console.log
    [Home] Sending request to LLM with conversation history...

      at log (app/page.tsx:448:21)

  console.log
    [Home] Component mounted/re-rendered

      at log (app/page.tsx:28:13)

  console.log
    [Home] LLM response: AI response

      at log (app/page.tsx:462:21)

  console.log
    [Home] TTS audio generated, playing...

      at log (app/page.tsx:488:29)

  console.log
    [Home] Component mounted/re-rendered

      at log (app/page.tsx:28:13)

  console.log
    [Home] Component mounted/re-rendered

      at log (app/page.tsx:28:13)

  console.log
    [Home] Checking API configuration status...

      at log (app/page.tsx:119:17)

  console.log
    [Home] Generated session ID: session_1760012602653_89zg1gu1p

      at log (app/page.tsx:124:17)

  console.log
    [Home] Component mounted/re-rendered

      at log (app/page.tsx:28:13)

  console.log
    [Home] Config status response received: undefined

      at log (app/page.tsx:128:25)

  console.log
    [Home] Config status data: { services: { stt: true, llm: true, tts: true } }

      at log (app/page.tsx:132:25)

  console.log
    [Home] Component mounted/re-rendered

      at log (app/page.tsx:28:13)

  console.log
    [Home] Component mounted/re-rendered

      at log (app/page.tsx:28:13)

  console.error
    [Error: Not implemented: window.scrollTo] { type: 'not implemented' }

    [0m [90m 129 |[39m       [36mreturn[39m
     [90m 130 |[39m     }
    [31m[1m>[22m[39m[90m 131 |[39m     originalError[33m.[39mcall(console[33m,[39m [33m...[39margs)
     [90m     |[39m                   [31m[1m^[22m[39m
     [90m 132 |[39m   }
     [90m 133 |[39m })
     [90m 134 |[39m[0m

      at console.call [as error] (jest.setup.js:131:19)
      at VirtualConsole.<anonymous> (node_modules/@jest/environment-jsdom-abstract/build/index.js:87:23)
      at module.exports (node_modules/jsdom/lib/jsdom/browser/not-implemented.js:12:26)
      at node_modules/jsdom/lib/jsdom/browser/Window.js:960:7
      at node_modules/motion-dom/dist/cjs/index.js:1807:24
          at Array.forEach (<anonymous>)
      at measureAllKeyframes (node_modules/motion-dom/dist/cjs/index.js:1805:28)
      at triggerCallback (node_modules/motion-dom/dist/cjs/index.js:52:9)
          at Set.forEach (<anonymous>)
      at Object.process (node_modules/motion-dom/dist/cjs/index.js:91:23)
      at processBatch (node_modules/motion-dom/dist/cjs/index.js:142:26)
      at invokeTheCallbackFunction (node_modules/jsdom/lib/jsdom/living/generated/Function.js:19:26)
      at runAnimationFrameCallbacks (node_modules/jsdom/lib/jsdom/browser/Window.js:662:13)
      at Timeout.<anonymous> (node_modules/jsdom/lib/jsdom/browser/Window.js:640:11)

  console.log
    [Home] Component mounted/re-rendered

      at log (app/page.tsx:28:13)

  console.log
    [Home] Component mounted/re-rendered

      at log (app/page.tsx:28:13)

  console.log
    [Home] Component mounted/re-rendered

      at log (app/page.tsx:28:13)

  console.log
    [Home] Component mounted/re-rendered

      at log (app/page.tsx:28:13)

  console.log
    [Home] Sending text message: Test

      at log (app/page.tsx:409:17)

  console.log
    [Home] Sending request to LLM with conversation history...

      at log (app/page.tsx:448:21)

  console.log
    [Home] Component mounted/re-rendered

      at log (app/page.tsx:28:13)

  console.log
    [Home] LLM response: Response

      at log (app/page.tsx:462:21)

  console.log
    [Home] TTS audio generated, playing...

      at log (app/page.tsx:488:29)

  console.log
    [Home] Component mounted/re-rendered

      at log (app/page.tsx:28:13)

  console.log
    [Home] Component mounted/re-rendered

      at log (app/page.tsx:28:13)

  console.log
    [Home] Checking API configuration status...

      at log (app/page.tsx:119:17)

  console.log
    [Home] Generated session ID: session_1760012602935_ydiulg74x

      at log (app/page.tsx:124:17)

  console.log
    [Home] Component mounted/re-rendered

      at log (app/page.tsx:28:13)

  console.log
    [Home] Config status response received: undefined

      at log (app/page.tsx:128:25)

  console.log
    [Home] Config status data: {
      services: { stt: true, llm: true, tts: true },
      allConfigured: true,
      message: 'All services configured'
    }

      at log (app/page.tsx:132:25)

  console.log
    [Home] Component mounted/re-rendered

      at log (app/page.tsx:28:13)

  console.log
    [Home] Component mounted/re-rendered

      at log (app/page.tsx:28:13)

  console.error
    [Error: Not implemented: window.scrollTo] { type: 'not implemented' }

    [0m [90m 129 |[39m       [36mreturn[39m
     [90m 130 |[39m     }
    [31m[1m>[22m[39m[90m 131 |[39m     originalError[33m.[39mcall(console[33m,[39m [33m...[39margs)
     [90m     |[39m                   [31m[1m^[22m[39m
     [90m 132 |[39m   }
     [90m 133 |[39m })
     [90m 134 |[39m[0m

      at console.call [as error] (jest.setup.js:131:19)
      at VirtualConsole.<anonymous> (node_modules/@jest/environment-jsdom-abstract/build/index.js:87:23)
      at module.exports (node_modules/jsdom/lib/jsdom/browser/not-implemented.js:12:26)
      at node_modules/jsdom/lib/jsdom/browser/Window.js:960:7
      at node_modules/motion-dom/dist/cjs/index.js:1807:24
          at Array.forEach (<anonymous>)
      at measureAllKeyframes (node_modules/motion-dom/dist/cjs/index.js:1805:28)
      at triggerCallback (node_modules/motion-dom/dist/cjs/index.js:52:9)
          at Set.forEach (<anonymous>)
      at Object.process (node_modules/motion-dom/dist/cjs/index.js:91:23)
      at processBatch (node_modules/motion-dom/dist/cjs/index.js:142:26)
      at invokeTheCallbackFunction (node_modules/jsdom/lib/jsdom/living/generated/Function.js:19:26)
      at runAnimationFrameCallbacks (node_modules/jsdom/lib/jsdom/browser/Window.js:662:13)
      at Timeout.<anonymous> (node_modules/jsdom/lib/jsdom/browser/Window.js:640:11)

  console.log
    [Home] Component mounted/re-rendered

      at log (app/page.tsx:28:13)

  console.log
    [Home] Checking API configuration status...

      at log (app/page.tsx:119:17)

  console.log
    [Home] Generated session ID: session_1760012603045_yix9upnd9

      at log (app/page.tsx:124:17)

  console.log
    [Home] Component mounted/re-rendered

      at log (app/page.tsx:28:13)

  console.log
    [Home] Config status response received: undefined

      at log (app/page.tsx:128:25)

  console.log
    [Home] Config status data: { services: { stt: true, llm: true, tts: true } }

      at log (app/page.tsx:132:25)

  console.log
    [Home] Component mounted/re-rendered

      at log (app/page.tsx:28:13)

  console.log
    [Home] Component mounted/re-rendered

      at log (app/page.tsx:28:13)

  console.error
    [Error: Not implemented: window.scrollTo] { type: 'not implemented' }

    [0m [90m 129 |[39m       [36mreturn[39m
     [90m 130 |[39m     }
    [31m[1m>[22m[39m[90m 131 |[39m     originalError[33m.[39mcall(console[33m,[39m [33m...[39margs)
     [90m     |[39m                   [31m[1m^[22m[39m
     [90m 132 |[39m   }
     [90m 133 |[39m })
     [90m 134 |[39m[0m

      at console.call [as error] (jest.setup.js:131:19)
      at VirtualConsole.<anonymous> (node_modules/@jest/environment-jsdom-abstract/build/index.js:87:23)
      at module.exports (node_modules/jsdom/lib/jsdom/browser/not-implemented.js:12:26)
      at node_modules/jsdom/lib/jsdom/browser/Window.js:960:7
      at node_modules/motion-dom/dist/cjs/index.js:1807:24
          at Array.forEach (<anonymous>)
      at measureAllKeyframes (node_modules/motion-dom/dist/cjs/index.js:1805:28)
      at triggerCallback (node_modules/motion-dom/dist/cjs/index.js:52:9)
          at Set.forEach (<anonymous>)
      at Object.process (node_modules/motion-dom/dist/cjs/index.js:91:23)
      at processBatch (node_modules/motion-dom/dist/cjs/index.js:142:26)
      at invokeTheCallbackFunction (node_modules/jsdom/lib/jsdom/living/generated/Function.js:19:26)
      at runAnimationFrameCallbacks (node_modules/jsdom/lib/jsdom/browser/Window.js:662:13)
      at Timeout.<anonymous> (node_modules/jsdom/lib/jsdom/browser/Window.js:640:11)

  console.log
    [Home] Component mounted/re-rendered

      at log (app/page.tsx:28:13)

  console.log
    [Home] Component mounted/re-rendered

      at log (app/page.tsx:28:13)

  console.log
    [Home] Component mounted/re-rendered

      at log (app/page.tsx:28:13)

  console.log
    [Home] Component mounted/re-rendered

      at log (app/page.tsx:28:13)

  console.log
    [Home] Sending text message: Test

      at log (app/page.tsx:409:17)

  console.log
    [Home] Sending request to LLM with conversation history...

      at log (app/page.tsx:448:21)

  console.log
    [Home] Component mounted/re-rendered

      at log (app/page.tsx:28:13)

  console.error
    [Home] LLM failed: { error: 'LLM service not configured' }

    [0m [90m 129 |[39m       [36mreturn[39m
     [90m 130 |[39m     }
    [31m[1m>[22m[39m[90m 131 |[39m     originalError[33m.[39mcall(console[33m,[39m [33m...[39margs)
     [90m     |[39m                   [31m[1m^[22m[39m
     [90m 132 |[39m   }
     [90m 133 |[39m })
     [90m 134 |[39m[0m

      at console.call [as error] (jest.setup.js:131:19)
      at error (app/page.tsx:457:25)

  console.error
    [Home] Text message processing error: Error: LLM service not configured
        at C:\Users\Pelocal\Downloads\pelocal-voice-ai-agents\Voice-ai-agents\app\page.tsx:458:23

    [0m [90m 129 |[39m       [36mreturn[39m
     [90m 130 |[39m     }
    [31m[1m>[22m[39m[90m 131 |[39m     originalError[33m.[39mcall(console[33m,[39m [33m...[39margs)
     [90m     |[39m                   [31m[1m^[22m[39m
     [90m 132 |[39m   }
     [90m 133 |[39m })
     [90m 134 |[39m[0m

      at console.call [as error] (jest.setup.js:131:19)
      at error (app/page.tsx:503:21)

  console.log
    [Home] Component mounted/re-rendered

      at log (app/page.tsx:28:13)

  console.log
    [Home] Component mounted/re-rendered

      at log (app/page.tsx:28:13)

  console.log
    [Home] Checking API configuration status...

      at log (app/page.tsx:119:17)

  console.log
    [Home] Generated session ID: session_1760012603439_74iv6w1y1

      at log (app/page.tsx:124:17)

  console.log
    [Home] Component mounted/re-rendered

      at log (app/page.tsx:28:13)

  console.log
    [Home] Config status response received: undefined

      at log (app/page.tsx:128:25)

  console.log
    [Home] Config status data: { services: { stt: true, llm: true, tts: true } }

      at log (app/page.tsx:132:25)

  console.log
    [Home] Component mounted/re-rendered

      at log (app/page.tsx:28:13)

  console.log
    [Home] Component mounted/re-rendered

      at log (app/page.tsx:28:13)

  console.error
    [Error: Not implemented: window.scrollTo] { type: 'not implemented' }

    [0m [90m 129 |[39m       [36mreturn[39m
     [90m 130 |[39m     }
    [31m[1m>[22m[39m[90m 131 |[39m     originalError[33m.[39mcall(console[33m,[39m [33m...[39margs)
     [90m     |[39m                   [31m[1m^[22m[39m
     [90m 132 |[39m   }
     [90m 133 |[39m })
     [90m 134 |[39m[0m

      at console.call [as error] (jest.setup.js:131:19)
      at VirtualConsole.<anonymous> (node_modules/@jest/environment-jsdom-abstract/build/index.js:87:23)
      at module.exports (node_modules/jsdom/lib/jsdom/browser/not-implemented.js:12:26)
      at node_modules/jsdom/lib/jsdom/browser/Window.js:960:7
      at node_modules/motion-dom/dist/cjs/index.js:1807:24
          at Array.forEach (<anonymous>)
      at measureAllKeyframes (node_modules/motion-dom/dist/cjs/index.js:1805:28)
      at triggerCallback (node_modules/motion-dom/dist/cjs/index.js:52:9)
          at Set.forEach (<anonymous>)
      at Object.process (node_modules/motion-dom/dist/cjs/index.js:91:23)
      at processBatch (node_modules/motion-dom/dist/cjs/index.js:142:26)
      at invokeTheCallbackFunction (node_modules/jsdom/lib/jsdom/living/generated/Function.js:19:26)
      at runAnimationFrameCallbacks (node_modules/jsdom/lib/jsdom/browser/Window.js:662:13)
      at Timeout.<anonymous> (node_modules/jsdom/lib/jsdom/browser/Window.js:640:11)

  console.log
    [Home] Component mounted/re-rendered

      at log (app/page.tsx:28:13)

  console.log
    [Home] Component mounted/re-rendered

      at log (app/page.tsx:28:13)

  console.log
    [Home] Component mounted/re-rendered

      at log (app/page.tsx:28:13)

  console.log
    [Home] Component mounted/re-rendered

      at log (app/page.tsx:28:13)

  console.log
    [Home] Sending text message: Test

      at log (app/page.tsx:409:17)

  console.log
    [Home] Sending request to LLM with conversation history...

      at log (app/page.tsx:448:21)

  console.log
    [Home] Component mounted/re-rendered

      at log (app/page.tsx:28:13)

  console.log
    [Home] LLM response: Response

      at log (app/page.tsx:462:21)

  console.log
    [Home] Component mounted/re-rendered

      at log (app/page.tsx:28:13)

  console.log
    [Home] Component mounted/re-rendered

      at log (app/page.tsx:28:13)

  console.log
    [Home] Checking API configuration status...

      at log (app/page.tsx:119:17)

  console.log
    [Home] Generated session ID: session_1760012603843_43nyas6e4

      at log (app/page.tsx:124:17)

  console.log
    [Home] Component mounted/re-rendered

      at log (app/page.tsx:28:13)

  console.log
    [Home] Config status response received: undefined

      at log (app/page.tsx:128:25)

  console.log
    [Home] Config status data: {
      services: { stt: true, llm: true, tts: true },
      allConfigured: true,
      message: 'All services configured'
    }

      at log (app/page.tsx:132:25)

  console.log
    [Home] Component mounted/re-rendered

      at log (app/page.tsx:28:13)

  console.log
    [Home] Component mounted/re-rendered

      at log (app/page.tsx:28:13)

  console.error
    [Error: Not implemented: window.scrollTo] { type: 'not implemented' }

    [0m [90m 129 |[39m       [36mreturn[39m
     [90m 130 |[39m     }
    [31m[1m>[22m[39m[90m 131 |[39m     originalError[33m.[39mcall(console[33m,[39m [33m...[39margs)
     [90m     |[39m                   [31m[1m^[22m[39m
     [90m 132 |[39m   }
     [90m 133 |[39m })
     [90m 134 |[39m[0m

      at console.call [as error] (jest.setup.js:131:19)
      at VirtualConsole.<anonymous> (node_modules/@jest/environment-jsdom-abstract/build/index.js:87:23)
      at module.exports (node_modules/jsdom/lib/jsdom/browser/not-implemented.js:12:26)
      at node_modules/jsdom/lib/jsdom/browser/Window.js:960:7
      at node_modules/motion-dom/dist/cjs/index.js:1807:24
          at Array.forEach (<anonymous>)
      at measureAllKeyframes (node_modules/motion-dom/dist/cjs/index.js:1805:28)
      at triggerCallback (node_modules/motion-dom/dist/cjs/index.js:52:9)
          at Set.forEach (<anonymous>)
      at Object.process (node_modules/motion-dom/dist/cjs/index.js:91:23)
      at processBatch (node_modules/motion-dom/dist/cjs/index.js:142:26)
      at invokeTheCallbackFunction (node_modules/jsdom/lib/jsdom/living/generated/Function.js:19:26)
      at runAnimationFrameCallbacks (node_modules/jsdom/lib/jsdom/browser/Window.js:662:13)
      at Timeout.<anonymous> (node_modules/jsdom/lib/jsdom/browser/Window.js:640:11)

  console.log
    [Home] Component mounted/re-rendered

      at log (app/page.tsx:28:13)

  console.log
    [Home] Component mounted/re-rendered

      at log (app/page.tsx:28:13)

  console.log
    [Home] Component mounted/re-rendered

      at log (app/page.tsx:28:13)

  console.log
    [Home] Component mounted/re-rendered

      at log (app/page.tsx:28:13)

  console.log
    [Home] Sending text message: Test

      at log (app/page.tsx:409:17)

  console.log
    [Home] Sending request to LLM with conversation history...

      at log (app/page.tsx:448:21)

  console.log
    [Home] Component mounted/re-rendered

      at log (app/page.tsx:28:13)

  console.log
    [Home] LLM response: Test response

      at log (app/page.tsx:462:21)

  console.error
    [Home] Text message processing error: Error: Not found
        at C:\Users\Pelocal\Downloads\pelocal-voice-ai-agents\Voice-ai-agents\__tests__\app\page.test.tsx:537:39
        at C:\Users\Pelocal\Downloads\pelocal-voice-ai-agents\Voice-ai-agents\node_modules\jest-mock\build\index.js:305:39
        at C:\Users\Pelocal\Downloads\pelocal-voice-ai-agents\Voice-ai-agents\node_modules\jest-mock\build\index.js:312:13
        at mockConstructor (C:\Users\Pelocal\Downloads\pelocal-voice-ai-agents\Voice-ai-agents\node_modules\jest-mock\build\index.js:57:19)
        at fetch (C:\Users\Pelocal\Downloads\pelocal-voice-ai-agents\Voice-ai-agents\app\page.tsx:476:39)
        at runNextTicks (node:internal/process/task_queues:65:5)
        at processTimers (node:internal/timers:520:9)

    [0m [90m 129 |[39m       [36mreturn[39m
     [90m 130 |[39m     }
    [31m[1m>[22m[39m[90m 131 |[39m     originalError[33m.[39mcall(console[33m,[39m [33m...[39margs)
     [90m     |[39m                   [31m[1m^[22m[39m
     [90m 132 |[39m   }
     [90m 133 |[39m })
     [90m 134 |[39m[0m

      at console.call [as error] (jest.setup.js:131:19)
      at error (app/page.tsx:503:21)

  console.log
    [Home] Component mounted/re-rendered

      at log (app/page.tsx:28:13)

  console.log
    [Home] End conversation requested

      at log (app/page.tsx:364:17)

  console.log
    [Home] Component mounted/re-rendered

      at log (app/page.tsx:28:13)

  console.log
    [Home] Ending conversation...

      at log (app/page.tsx:369:17)

  console.log
    [Home] Generated new session ID for next conversation: session_1760012604375_mj74cteds

      at log (app/page.tsx:399:17)

  console.log
    [Home] Conversation ended

      at log (app/page.tsx:402:17)

  console.log
    [Home] Component mounted/re-rendered

      at log (app/page.tsx:28:13)

  console.log
    [Home] Component mounted/re-rendered

      at log (app/page.tsx:28:13)

  console.log
    [Home] Checking API configuration status...

      at log (app/page.tsx:119:17)

  console.log
    [Home] Generated session ID: session_1760012604464_53vuqurn3

      at log (app/page.tsx:124:17)

  console.log
    [Home] Component mounted/re-rendered

      at log (app/page.tsx:28:13)

  console.log
    [Home] Config status response received: undefined

      at log (app/page.tsx:128:25)

  console.log
    [Home] Config status data: {
      services: { stt: true, llm: true, tts: true },
      allConfigured: true,
      message: 'All services configured'
    }

      at log (app/page.tsx:132:25)

  console.log
    [Home] Component mounted/re-rendered

      at log (app/page.tsx:28:13)

  console.log
    [Home] Component mounted/re-rendered

      at log (app/page.tsx:28:13)

  console.log
    [Home] Component mounted/re-rendered

      at log (app/page.tsx:28:13)

  console.log
    [Home] Component mounted/re-rendered

      at log (app/page.tsx:28:13)

  console.log
    [Home] Component mounted/re-rendered

      at log (app/page.tsx:28:13)

  console.log
    [Home] Component mounted/re-rendered

      at log (app/page.tsx:28:13)

  console.log
    [Home] Component mounted/re-rendered

      at log (app/page.tsx:28:13)

  console.log
    [Home] Component mounted/re-rendered

      at log (app/page.tsx:28:13)

  console.log
    [Home] Component mounted/re-rendered

      at log (app/page.tsx:28:13)

  console.log
    [Home] Component mounted/re-rendered

      at log (app/page.tsx:28:13)

  console.log
    [Home] Component mounted/re-rendered

      at log (app/page.tsx:28:13)

  console.log
    [Home] Component mounted/re-rendered

      at log (app/page.tsx:28:13)

  console.log
    [Home] Checking API configuration status...

      at log (app/page.tsx:119:17)

  console.log
    [Home] Generated session ID: session_1760012604903_auf08p3ja

      at log (app/page.tsx:124:17)

  console.log
    [Home] Component mounted/re-rendered

      at log (app/page.tsx:28:13)

  console.log
    [Home] Config status response received: undefined

      at log (app/page.tsx:128:25)

  console.log
    [Home] Config status data: {
      services: { stt: true, llm: true, tts: true },
      allConfigured: true,
      message: 'All services configured'
    }

      at log (app/page.tsx:132:25)

  console.log
    [Home] Component mounted/re-rendered

      at log (app/page.tsx:28:13)

  console.log
    [Home] Checking API configuration status...

      at log (app/page.tsx:119:17)

  console.log
    [Home] Generated session ID: session_1760012604947_rpu03ewvk

      at log (app/page.tsx:124:17)

  console.log
    [Home] Component mounted/re-rendered

      at log (app/page.tsx:28:13)

  console.log
    [Home] Config status response received: undefined

      at log (app/page.tsx:128:25)

  console.log
    [Home] Config status data: {
      services: { stt: true, llm: true, tts: true },
      allConfigured: true,
      message: 'All services configured'
    }

      at log (app/page.tsx:132:25)

  console.log
    [Home] Component mounted/re-rendered

      at log (app/page.tsx:28:13)

  console.log
    [Home] Component mounted/re-rendered

      at log (app/page.tsx:28:13)

  console.log
    [Home] Checking API configuration status...

      at log (app/page.tsx:119:17)

  console.log
    [Home] Generated session ID: session_1760012604994_9g2n94xk2

      at log (app/page.tsx:124:17)

  console.log
    [Home] Component mounted/re-rendered

      at log (app/page.tsx:28:13)

  console.log
    [Home] Config status response received: undefined

      at log (app/page.tsx:128:25)

  console.log
    [Home] Config status data: {
      services: { stt: true, llm: true, tts: true },
      allConfigured: true,
      message: 'All services configured'
    }

      at log (app/page.tsx:132:25)

  console.log
    [Home] Component mounted/re-rendered

      at log (app/page.tsx:28:13)

  console.log
    [Home] Component mounted/re-rendered

      at log (app/page.tsx:28:13)

  console.log
    [Home] Checking API configuration status...

      at log (app/page.tsx:119:17)

  console.log
    [Home] Generated session ID: session_1760012605043_59czpzfvv

      at log (app/page.tsx:124:17)

  console.log
    [Home] Component mounted/re-rendered

      at log (app/page.tsx:28:13)

  console.log
    [Home] Config status response received: undefined

      at log (app/page.tsx:128:25)

  console.log
    [Home] Config status data: {
      services: { stt: true, llm: true, tts: true },
      allConfigured: true,
      message: 'All services configured'
    }

      at log (app/page.tsx:132:25)

  console.log
    [Home] Component mounted/re-rendered

      at log (app/page.tsx:28:13)

  console.log
    [Home] Component mounted/re-rendered

      at log (app/page.tsx:28:13)

  console.log
    [Home] Checking API configuration status...

      at log (app/page.tsx:119:17)

  console.log
    [Home] Generated session ID: session_1760012605100_q8mirb4rb

      at log (app/page.tsx:124:17)

  console.log
    [Home] Component mounted/re-rendered

      at log (app/page.tsx:28:13)

  console.log
    [Home] Config status response received: undefined

      at log (app/page.tsx:128:25)

  console.log
    [Home] Config status data: {
      services: { stt: true, llm: true, tts: true },
      allConfigured: true,
      message: 'All services configured'
    }

      at log (app/page.tsx:132:25)

  console.log
    [Home] Component mounted/re-rendered

      at log (app/page.tsx:28:13)

  console.log
    [Home] handleCallToggle called, isCallActive: false isChatOpen: false

      at log (app/page.tsx:290:17)

  console.log
    [Home] Starting call...

      at log (app/page.tsx:321:21)

  console.log
    [Home] Component mounted/re-rendered

      at log (app/page.tsx:28:13)

  console.log
    [Home] Call started successfully

      at log (app/page.tsx:333:25)

  console.log
    [Home] Component mounted/re-rendered

      at log (app/page.tsx:28:13)

  console.log
    [Home] Checking API configuration status...

      at log (app/page.tsx:119:17)

  console.log
    [Home] Generated session ID: session_1760012605239_w6iyci3p1

      at log (app/page.tsx:124:17)

  console.log
    [Home] Component mounted/re-rendered

      at log (app/page.tsx:28:13)

  console.log
    [Home] Config status response received: undefined

      at log (app/page.tsx:128:25)

  console.log
    [Home] Config status data: {
      services: { stt: true, llm: true, tts: true },
      allConfigured: true,
      message: 'All services configured'
    }

      at log (app/page.tsx:132:25)

  console.log
    [Home] Component mounted/re-rendered

      at log (app/page.tsx:28:13)

  console.log
    [Home] handleCallToggle called, isCallActive: false isChatOpen: false

      at log (app/page.tsx:290:17)

  console.log
    [Home] Starting call...

      at log (app/page.tsx:321:21)

  console.log
    [Home] Component mounted/re-rendered

      at log (app/page.tsx:28:13)

  console.error
    [Home] Failed to start call: Error: Microphone access denied
        at Object.<anonymous> (C:\Users\Pelocal\Downloads\pelocal-voice-ai-agents\Voice-ai-agents\__tests__\app\page.test.tsx:753:63)
        at Promise.finally.completed (C:\Users\Pelocal\Downloads\pelocal-voice-ai-agents\Voice-ai-agents\node_modules\jest-circus\build\jestAdapterInit.js:1557:28)
        at new Promise (<anonymous>)
        at callAsyncCircusFn (C:\Users\Pelocal\Downloads\pelocal-voice-ai-agents\Voice-ai-agents\node_modules\jest-circus\build\jestAdapterInit.js:1497:10)
        at _callCircusTest (C:\Users\Pelocal\Downloads\pelocal-voice-ai-agents\Voice-ai-agents\node_modules\jest-circus\build\jestAdapterInit.js:1007:40)
        at _runTest (C:\Users\Pelocal\Downloads\pelocal-voice-ai-agents\Voice-ai-agents\node_modules\jest-circus\build\jestAdapterInit.js:947:3)
        at C:\Users\Pelocal\Downloads\pelocal-voice-ai-agents\Voice-ai-agents\node_modules\jest-circus\build\jestAdapterInit.js:849:7
        at _runTestsForDescribeBlock (C:\Users\Pelocal\Downloads\pelocal-voice-ai-agents\Voice-ai-agents\node_modules\jest-circus\build\jestAdapterInit.js:862:11)
        at _runTestsForDescribeBlock (C:\Users\Pelocal\Downloads\pelocal-voice-ai-agents\Voice-ai-agents\node_modules\jest-circus\build\jestAdapterInit.js:857:11)
        at _runTestsForDescribeBlock (C:\Users\Pelocal\Downloads\pelocal-voice-ai-agents\Voice-ai-agents\node_modules\jest-circus\build\jestAdapterInit.js:857:11)
        at run (C:\Users\Pelocal\Downloads\pelocal-voice-ai-agents\Voice-ai-agents\node_modules\jest-circus\build\jestAdapterInit.js:761:3)
        at runAndTransformResultsToJestFormat (C:\Users\Pelocal\Downloads\pelocal-voice-ai-agents\Voice-ai-agents\node_modules\jest-circus\build\jestAdapterInit.js:1918:21)
        at jestAdapter (C:\Users\Pelocal\Downloads\pelocal-voice-ai-agents\Voice-ai-agents\node_modules\jest-circus\build\runner.js:101:19)
        at runTestInternal (C:\Users\Pelocal\Downloads\pelocal-voice-ai-agents\Voice-ai-agents\node_modules\jest-runner\build\index.js:275:16)
        at runTest (C:\Users\Pelocal\Downloads\pelocal-voice-ai-agents\Voice-ai-agents\node_modules\jest-runner\build\index.js:343:7)

    [0m [90m 129 |[39m       [36mreturn[39m
     [90m 130 |[39m     }
    [31m[1m>[22m[39m[90m 131 |[39m     originalError[33m.[39mcall(console[33m,[39m [33m...[39margs)
     [90m     |[39m                   [31m[1m^[22m[39m
     [90m 132 |[39m   }
     [90m 133 |[39m })
     [90m 134 |[39m[0m

      at console.call [as error] (jest.setup.js:131:19)
      at error (app/page.tsx:335:25)

  console.log
    [Home] Component mounted/re-rendered

      at log (app/page.tsx:28:13)

node.exe : FAIL __tests__/app/page.test.tsx
At line:1 char:1
+ & "C:\Program Files\nodejs/node.exe" "C:\Program Files\nodejs/node_mo ...
+ ~~~~~~~~~~~~~~~~~~~~~~~~~~~~~~~~~~~~~~~~~~~~~~~~~~~~~~~~~~~~~~~~~~~~~
    + CategoryInfo          : NotSpecified: (FAIL __tests__/app/page.test.tsx:String) [], RemoteException
    + FullyQualifiedErrorId : NativeCommandError
 
  Home Page
    Initial Render
      ΓêÜ should render the main heading (200 ms)
      ΓêÜ should render model configuration section (36 ms)
      ΓêÜ should render system prompt editor (35 ms)
      ΓêÜ should render conversation section (33 ms)
      ΓêÜ should render call control button (87 ms)
      ΓêÜ should render text chat button (35 ms)
    Configuration Status Check
      ΓêÜ should fetch configuration status on mount (48 ms)
      ΓêÜ should handle configuration status fetch error (56 ms)
    Text Chat Feature
      ΓêÜ should toggle text input visibility when button clicked (432 ms)
      ΓêÜ should send text message when send button clicked (464 ms)
      ΓêÜ should handle Enter key to send message (301 ms)
      ΓêÜ should not send empty messages (111 ms)
      ΓêÜ should handle LLM error in text chat (392 ms)
      ΓêÜ should handle TTS error gracefully in text chat (389 ms)
    Conversation Controls
      ├ù should show restart button when messages exist (2 ms)
      ├ù should show confirmation dialog when restart clicked (1 ms)
      ├ù should show confirmation dialog when end clicked
      ΓêÜ should stop call and clear when end confirmed (623 ms)
      ├ù should cancel restart dialog (1 ms)
      Γùï skipped should clear messages when restart confirmed
    System Prompt Editor
      ΓêÜ should update system prompt when edited (435 ms)
    Status Display
      ΓêÜ should show Ready status when not listening or processing (47 ms)
      ΓêÜ should show Call Active status when call is active (52 ms)
      ΓêÜ should show Ready status when call is not active (44 ms)
    Audio Level Indicator
      ΓêÜ should show audio level indicator when call is active (61 ms)
    Microphone Toggle
      ΓêÜ should handle call button to start call (141 ms)
      ΓêÜ should handle microphone access error when starting call (108 ms)
    Audio Processing Error Handling
      ΓêÜ should handle transcription errors with specific messages

  ΓùÅ Home Page ΓÇ║ Conversation Controls ΓÇ║ should show restart button when messages exist

    TypeError: useVoiceRecorder.mockReturnValue is not a function

    [0m [90m 316 |[39m
     [90m 317 |[39m             [36mconst[39m { useVoiceRecorder } [33m=[39m 
require([32m'@/hooks/useVoiceRecorder'[39m)[33m;[39m
    [31m[1m>[22m[39m[90m 318 |[39m             useVoiceRecorder[33m.[39mmockReturnValue({
     [90m     |[39m                              [31m[1m^[22m[39m
     [90m 319 |[39m                 isListening[33m:[39m [36mfalse[39m[33m,[39m
     [90m 320 |[39m                 isProcessing[33m:[39m [36mfalse[39m[33m,[39m
     [90m 321 |[39m                 audioLevel[33m:[39m [35m0[39m[33m,[39m[0m

      at Object.mockReturnValue (__tests__/app/page.test.tsx:318:30)

  ΓùÅ Home Page ΓÇ║ Conversation Controls ΓÇ║ should show confirmation dialog when restart clicked

    TypeError: useVoiceRecorder.mockReturnValue is not a function

    [0m [90m 365 |[39m
     [90m 366 |[39m             [36mconst[39m { useVoiceRecorder } [33m=[39m 
require([32m'@/hooks/useVoiceRecorder'[39m)[33m;[39m
    [31m[1m>[22m[39m[90m 367 |[39m             useVoiceRecorder[33m.[39mmockReturnValue({
     [90m     |[39m                              [31m[1m^[22m[39m
     [90m 368 |[39m                 isListening[33m:[39m [36mfalse[39m[33m,[39m
     [90m 369 |[39m                 isProcessing[33m:[39m [36mfalse[39m[33m,[39m
     [90m 370 |[39m                 audioLevel[33m:[39m [35m0[39m[33m,[39m[0m

      at Object.mockReturnValue (__tests__/app/page.test.tsx:367:30)

  ΓùÅ Home Page ΓÇ║ Conversation Controls ΓÇ║ should show confirmation dialog when end clicked

    TypeError: useVoiceRecorder.mockReturnValue is not a function

    [0m [90m 416 |[39m
     [90m 417 |[39m             [36mconst[39m { useVoiceRecorder } [33m=[39m 
require([32m'@/hooks/useVoiceRecorder'[39m)[33m;[39m
    [31m[1m>[22m[39m[90m 418 |[39m             useVoiceRecorder[33m.[39mmockReturnValue({
     [90m     |[39m                              [31m[1m^[22m[39m
     [90m 419 |[39m                 isListening[33m:[39m [36mfalse[39m[33m,[39m
     [90m 420 |[39m                 isProcessing[33m:[39m [36mfalse[39m[33m,[39m
     [90m 421 |[39m                 audioLevel[33m:[39m [35m0[39m[33m,[39m[0m

      at Object.mockReturnValue (__tests__/app/page.test.tsx:418:30)

  ΓùÅ Home Page ΓÇ║ Conversation Controls ΓÇ║ should cancel restart dialog

    TypeError: useVoiceRecorder.mockReturnValue is not a function

    [0m [90m 609 |[39m
     [90m 610 |[39m             [36mconst[39m { useVoiceRecorder } [33m=[39m 
require([32m'@/hooks/useVoiceRecorder'[39m)[33m;[39m
    [31m[1m>[22m[39m[90m 611 |[39m             useVoiceRecorder[33m.[39mmockReturnValue({
     [90m     |[39m                              [31m[1m^[22m[39m
     [90m 612 |[39m                 isListening[33m:[39m [36mfalse[39m[33m,[39m
     [90m 613 |[39m                 isProcessing[33m:[39m [36mfalse[39m[33m,[39m
     [90m 614 |[39m                 audioLevel[33m:[39m [35m0[39m[33m,[39m[0m

      at Object.mockReturnValue (__tests__/app/page.test.tsx:611:30)

Test Suites: 1 failed, 1 total
Tests:       4 failed, 1 skipped, 23 passed, 28 total
Snapshots:   0 total
Time:        5.335 s
Ran all test suites matching __tests__/app/page.test.tsx.
